
[1m[46m RUN [49m[22m [36mv3.2.4 [39m[90mC:/tfi[39m

 [31mΓ¥»[39m src/features/live-monitor/__tests__/recommendation.service.test.ts [2m([22m[2m11 tests[22m[2m | [22m[31m1 failed[39m[2m)[22m[32m 22[2mms[22m[39m
   [32mΓ£ô[39m prepareRecommendationData[2m > [22mmaps all core fields correctly[32m 3[2mms[22m[39m
   [32mΓ£ô[39m prepareRecommendationData[2m > [22mmaps AI fields from parsed response[32m 1[2mms[22m[39m
   [32mΓ£ô[39m prepareRecommendationData[2m > [22mgenerates unique_key from match_id + normalized market (no minute)[32m 0[2mms[22m[39m
   [32mΓ£ô[39m prepareRecommendationData[2m > [22mincludes notification channels when should push[32m 1[2mms[22m[39m
   [32mΓ£ô[39m prepareRecommendationData[2m > [22mskips notification when not pushing[32m 0[2mms[22m[39m
   [32mΓ£ô[39m prepareRecommendationData[2m > [22mincludes stats_snapshot as JSON string[32m 0[2mms[22m[39m
   [32mΓ£ô[39m prepareRecommendationData[2m > [22mincludes odds_snapshot as JSON string[32m 0[2mms[22m[39m
   [32mΓ£ô[39m prepareRecommendationData[2m > [22mincludes AI model from config[32m 0[2mms[22m[39m
   [32mΓ£ô[39m prepareRecommendationData[2m > [22mbuilds key_factors from market_chosen_reason + warnings[32m 1[2mms[22m[39m
[31m   [31m├ù[31m prepareRecommendationData[2m > [22minitializes result/pnl fields as empty[39m[32m 12[2mms[22m[39m
[31m     ΓåÆ expected null to be '' // Object.is equality[39m
   [32mΓ£ô[39m prepareRecommendationData[2m > [22mhandles custom condition notification channels[32m 0[2mms[22m[39m
 [32mΓ£ô[39m src/features/live-monitor/__tests__/historical-performance.test.ts [2m([22m[2m10 tests[22m[2m)[22m[32m 95[2mms[22m[39m
 [31mΓ¥»[39m src/features/live-monitor/__tests__/proxy-context.test.ts [2m([22m[2m8 tests[22m[2m | [22m[31m1 failed[39m[2m)[22m[32m 29[2mms[22m[39m
   [32mΓ£ô[39m fetchMatchRecommendations[2m > [22mreturns mapped recommendations on success[32m 5[2mms[22m[39m
   [32mΓ£ô[39m fetchMatchRecommendations[2m > [22mreturns max 5 recommendations[32m 1[2mms[22m[39m
   [32mΓ£ô[39m fetchMatchRecommendations[2m > [22mreturns empty array on HTTP error[32m 1[2mms[22m[39m
   [32mΓ£ô[39m fetchMatchRecommendations[2m > [22mcalls correct URL with encoded matchId[32m 3[2mms[22m[39m
[31m   [31m├ù[31m fetchMatchSnapshots[2m > [22mreturns mapped snapshots on success[39m[32m 15[2mms[22m[39m
[31m     ΓåÆ expected { minute: 15, score: '0-0', ΓÇª(9) } to deeply equal { minute: 15, score: '0-0', ΓÇª(5) }[39m
   [32mΓ£ô[39m fetchMatchSnapshots[2m > [22mreturns max 10 latest snapshots[32m 1[2mms[22m[39m
   [32mΓ£ô[39m fetchMatchSnapshots[2m > [22mreturns empty array on HTTP error[32m 1[2mms[22m[39m
   [32mΓ£ô[39m fetchMatchSnapshots[2m > [22mhandles null stats gracefully[32m 1[2mms[22m[39m
node.exe : [90mstderr[2m | 
src/features/live-monitor/__tests__/pipeline.simulation.test.ts[2m > 
[22m[2mnotification edge cases[2m > [22m[2msave fails ΓÇö error recorded 
but pipeline continues
At line:1 char:1
+ & "C:\Program Files\nodejs/node.exe" "C:\Program Files\nodejs/node_mo ...
+ ~~~~~~~~~~~~~~~~~~~~~~~~~~~~~~~~~~~~~~~~~~~~~~~~~~~~~~~~~~~~~~~~~~~~~
    + CategoryInfo          : NotSpecified: ([90mstderr[2m...eline continues 
   :String) [], RemoteException
    + FullyQualifiedErrorId : NativeCommandError
 
[22m[39m[Pipeline] Save FAILED for match 12345: DB connection lost

[90mstderr[2m | 
src/features/live-monitor/__tests__/pipeline.simulation.test.ts[2m > 
[22m[2mnotification edge cases[2m > [22m[2msave fails ΓÇö error recorded 
but pipeline continues
[22m[39m[Pipeline] Save RETRY also failed for match 12345: DB connection lost

[90mstderr[2m | 
src/features/live-monitor/__tests__/pipeline.simulation.test.ts[2m > 
[22m[2mdata tracking[2m > [22m[2msnapshot tracking failure does not crash 
pipeline
[22m[39m[Pipeline] Tracking failure (snapshot:12345@65) ΓÇö data may be 
lost: Snapshot DB error

[90mstderr[2m | 
src/features/live-monitor/__tests__/pipeline.integration.test.ts[2m > 
[22m[2mpipeline data tracking[2m > [22m[2mtracking failure does not crash 
pipeline
[22m[39m[Pipeline] Tracking failure (snapshot:12345@65) ΓÇö data may be 
lost: Snapshot DB down
[Pipeline] Tracking failure (odds:12345@65) ΓÇö data may be lost: Odds DB down

[90mstderr[2m | 
src/features/live-monitor/__tests__/pipeline.integration.test.ts[2m > 
[22m[2mpipeline data tracking[2m > [22m[2mtracking failure does not crash 
pipeline
[22m[39m[Pipeline] Tracking failure (unknown) ΓÇö data may be lost: AI perf 
DB down

[90mstderr[2m | 
src/features/live-monitor/__tests__/pipeline.simulation.test.ts[2m > 
[22m[2mAI context integration[2m > [22m[2mcontinues when context fetch 
fails
[22m[39m[Pipeline] AI context fetch failed ΓÇö proceeding without history: 
DB error

[90mstderr[2m | 
src/features/live-monitor/__tests__/pipeline.integration.test.ts[2m > 
[22m[2mpipeline context & staleness[2m > [22m[2mcontinues AI call when 
context fetch fails
[22m[39m[Pipeline] AI context fetch failed ΓÇö proceeding without history: 
Context DB down

 [32mΓ£ô[39m src/features/live-monitor/__tests__/pipeline.simulation.test.ts [2m([22m[2m24 tests[22m[2m)[22m[33m 321[2mms[22m[39m
 [32mΓ£ô[39m src/features/live-monitor/__tests__/pipeline.integration.test.ts [2m([22m[2m31 tests[22m[2m)[22m[33m 403[2mms[22m[39m
 [32mΓ£ô[39m src/lib/utils/helpers.test.ts [2m([22m[2m30 tests[22m[2m)[22m[32m 276[2mms[22m[39m
 [32mΓ£ô[39m src/components/ui/RecommendationCard.test.tsx [2m([22m[2m22 tests[22m[2m)[22m[33m 985[2mms[22m[39m
   [33m[2mΓ£ô[22m[39m RecommendationCard[2m > [22mrenders match display from home/away team names [33m 332[2mms[22m[39m
[90mstderr[2m | 
src/features/live-monitor/__tests__/pipeline-comprehensive.test.ts[2m > 
[22m[2mCat-B: Auto-Trigger (scheduled) Pipeline[2m > [22m[2mB5: Error 
recovery during scheduled run[2m > [22m[2msave DB fails ΓÇö error recorded, 
match continues to notify
[22m[39m[Pipeline] Save FAILED for match 12345: DB write fail

[90mstderr[2m | 
src/features/live-monitor/__tests__/pipeline-comprehensive.test.ts[2m > 
[22m[2mCat-B: Auto-Trigger (scheduled) Pipeline[2m > [22m[2mB5: Error 
recovery during scheduled run[2m > [22m[2msave DB fails ΓÇö error recorded, 
match continues to notify
[22m[39m[Pipeline] Save RETRY also failed for match 12345: DB write fail

[90mstderr[2m | 
src/features/live-monitor/__tests__/pipeline-comprehensive.test.ts[2m > 
[22m[2mCat-B: Auto-Trigger (scheduled) Pipeline[2m > [22m[2mB5: Error 
recovery during scheduled run[2m > [22m[2msnapshot tracking failure ΓÇö no 
crash
[22m[39m[Pipeline] Tracking failure (snapshot:12345@65) ΓÇö data may be 
lost: Snapshot DB error

[90mstderr[2m | 
src/features/live-monitor/__tests__/pipeline-comprehensive.test.ts[2m > 
[22m[2mCat-B: Auto-Trigger (scheduled) Pipeline[2m > [22m[2mB5: Error 
recovery during scheduled run[2m > [22m[2mcontext fetch failure ΓÇö AI 
called anyway (without context)
[22m[39m[Pipeline] AI context fetch failed ΓÇö proceeding without history: 
DB read fail

 [32mΓ£ô[39m src/components/ui/MatchCard.test.tsx [2m([22m[2m21 tests[22m[2m)[22m[33m 813[2mms[22m[39m
[90mstderr[2m | 
src/features/live-monitor/__tests__/pipeline-comprehensive.test.ts[2m > 
[22m[2mCat-E: Database Save Decisions & Data Integrity[2m > [22m[2mE4: 
Snapshot and odds movement tracking[2m > [22m[2mtracking failures are 
non-fatal
[22m[39m[Pipeline] Tracking failure (snapshot:12345@65) ΓÇö data may be 
lost: DB error
[Pipeline] Tracking failure (odds:12345@65) ΓÇö data may be lost: DB error

[90mstderr[2m | 
src/features/live-monitor/__tests__/pipeline-comprehensive.test.ts[2m > 
[22m[2mCat-E: Database Save Decisions & Data Integrity[2m > [22m[2mE4: 
Snapshot and odds movement tracking[2m > [22m[2mtracking failures are 
non-fatal
[22m[39m[Pipeline] Tracking failure (unknown) ΓÇö data may be lost: DB error

 [32mΓ£ô[39m src/features/live-monitor/__tests__/pipeline-comprehensive.test.ts [2m([22m[2m131 tests[22m[2m)[22m[33m 1064[2mms[22m[39m
 [32mΓ£ô[39m src/features/live-monitor/__tests__/scheduler.test.ts [2m([22m[2m29 tests[22m[2m)[22m[33m 337[2mms[22m[39m
 [32mΓ£ô[39m src/app/WatchlistTab.test.tsx [2m([22m[2m10 tests[22m[2m)[22m[33m 1828[2mms[22m[39m
   [33m[2mΓ£ô[22m[39m WatchlistTab ΓÇö status filtering[2m > [22mdefaults to showing only active entries [33m 543[2mms[22m[39m
 [32mΓ£ô[39m src/lib/services/__tests__/api-extended.test.ts [2m([22m[2m36 tests[22m[2m)[22m[32m 41[2mms[22m[39m
 [32mΓ£ô[39m src/lib/services/__tests__/api.test.ts [2m([22m[2m13 tests[22m[2m)[22m[32m 17[2mms[22m[39m
 [32mΓ£ô[39m src/features/live-monitor/__tests__/watchlist.service.test.ts [2m([22m[2m15 tests[22m[2m)[22m[32m 42[2mms[22m[39m
 [32mΓ£ô[39m src/features/live-monitor/__tests__/match-merger.service.test.ts [2m([22m[2m42 tests[22m[2m)[22m[32m 36[2mms[22m[39m
 [32mΓ£ô[39m src/features/live-monitor/__tests__/football-api.service.test.ts [2m([22m[2m11 tests[22m[2m)[22m[32m 17[2mms[22m[39m
 [32mΓ£ô[39m src/features/live-monitor/__tests__/notification.service.test.ts [2m([22m[2m15 tests[22m[2m)[22m[32m 15[2mms[22m[39m
 [32mΓ£ô[39m src/features/live-monitor/__tests__/ai-analysis.service.test.ts [2m([22m[2m23 tests[22m[2m)[22m[32m 16[2mms[22m[39m
 [32mΓ£ô[39m src/features/live-monitor/__tests__/ai-prompt-context.test.ts [2m([22m[2m21 tests[22m[2m)[22m[32m 16[2mms[22m[39m
 [32mΓ£ô[39m src/features/live-monitor/__tests__/staleness.service.test.ts [2m([22m[2m18 tests[22m[2m)[22m[32m 11[2mms[22m[39m
 [32mΓ£ô[39m src/features/live-monitor/__tests__/filters.service.test.ts [2m([22m[2m23 tests[22m[2m)[22m[32m 12[2mms[22m[39m
 [32mΓ£ô[39m src/config/config.test.ts [2m([22m[2m14 tests[22m[2m)[22m[32m 9[2mms[22m[39m
 [32mΓ£ô[39m src/features/live-monitor/services/recommendation.service.test.ts [2m([22m[2m6 tests[22m[2m)[22m[32m 4[2mms[22m[39m
 [32mΓ£ô[39m src/lib/services/auth.test.ts [2m([22m[2m10 tests[22m[2m)[22m[32m 5[2mms[22m[39m
 [32mΓ£ô[39m src/features/live-monitor/__tests__/config.test.ts [2m([22m[2m8 tests[22m[2m)[22m[32m 4[2mms[22m[39m
 [32mΓ£ô[39m src/features/live-monitor/__tests__/ai-integration.test.ts [2m([22m[2m15 tests[22m[2m)[22m[33m 384506[2mms[22m[39m
   [33m[2mΓ£ô[22m[39m AI Integration ΓÇö Real LLM[2m > [22mScenario 1: Normal 2H match ΓÇö valid response structure [33m 22004[2mms[22m[39m
   [33m[2mΓ£ô[22m[39m AI Integration ΓÇö Real LLM[2m > [22mScenario 2: Early 1H match ΓÇö cautious response expected [33m 26547[2mms[22m[39m
   [33m[2mΓ£ô[22m[39m AI Integration ΓÇö Real LLM[2m > [22mScenario 3: High-scoring 2H match ΓÇö expects attacking analysis [33m 22716[2mms[22m[39m
   [33m[2mΓ£ô[22m[39m AI Integration ΓÇö Real LLM[2m > [22mScenario 4: Late game 0-0 ΓÇö favors Under or no push [33m 23075[2mms[22m[39m
   [33m[2mΓ£ô[22m[39m AI Integration ΓÇö Real LLM[2m > [22mScenario 5: Red card detected ΓÇö adjusts analysis [33m 36130[2mms[22m[39m
   [33m[2mΓ£ô[22m[39m AI Integration ΓÇö Real LLM[2m > [22mScenario 6: Custom condition ΓÇö evaluated independently [33m 27640[2mms[22m[39m
   [33m[2mΓ£ô[22m[39m AI Integration ΓÇö Real LLM[2m > [22mScenario 7: Force analyze at HT ΓÇö should analyze but not push [33m 22734[2mms[22m[39m
   [33m[2mΓ£ô[22m[39m AI Integration ΓÇö Real LLM[2m > [22mScenario 8: No odds ΓÇö should not push or be qualitative only [33m 18090[2mms[22m[39m
   [33m[2mΓ£ô[22m[39m AI Integration ΓÇö Real LLM[2m > [22mScenario 9: Selection follows standard format when pushing [33m 22379[2mms[22m[39m
   [33m[2mΓ£ô[22m[39m AI Integration ΓÇö Real LLM[2m > [22mScenario 10: bet_market uses standard values [33m 23097[2mms[22m[39m
   [33m[2mΓ£ô[22m[39m AI Integration ΓÇö Real LLM[2m > [22mScenario 11: Endgame minute ΓÇö should not push or max stake 2% [33m 23010[2mms[22m[39m
   [33m[2mΓ£ô[22m[39m AI Integration ΓÇö Real LLM[2m > [22mScenario 12: Sterile dominance ΓÇö should not over-predict goals [33m 26719[2mms[22m[39m
   [33m[2mΓ£ô[22m[39m AI Integration ΓÇö Real LLM[2m > [22mScenario 13: Response parsing produces valid ParsedAiResponse [33m 24961[2mms[22m[39m
   [33m[2mΓ£ô[22m[39m AI Integration ΓÇö Real LLM[2m > [22mScenario 14: With previous recommendations ΓÇö no duplicate selection [33m 41122[2mms[22m[39m
   [33m[2mΓ£ô[22m[39m AI Integration ΓÇö Real LLM[2m > [22mScenario 15: With recommended condition ΓÇö condition evaluated [33m 24278[2mms[22m[39m
[90mstdout[2m | src/features/live-monitor/__tests__/ai-prompt-audit.test.ts[2m > [22m[2mAI Prompt Audit ΓÇö Data-Driven Rules[2m > [22m[2m=== FINAL REPORT ===
[22m[39m
================================================================================
AI PROMPT AUDIT REPORT
================================================================================

Total Rules Tested: 69
Passed: 66 (96%)
Failed: 3 (4%)

----------------------------------------
FAILED RULES:
----------------------------------------

Γ¥î OC-1 ΓÇö Odds >= 2.50 ΓåÆ confidence cap 6, stake cap 3
   Details: Confidence: 7 (cap 6: false), Stake: 4 (cap 3: false), Warning: false
   AI Response: push=true, market=corners_over_9.5, conf=7, stake=4%
   Warnings: none

Γ¥î Z0-1 ΓÇö 0-0 at min 70 ΓÇö Under preferred
   Details: AI recommended corners_under_9.5 instead of Under at 0-0 minute 70
   AI Response: push=true, market=corners_under_9.5, conf=7, stake=4%
   Warnings: CORNERS_FEASIBILITY: Current tempo 0.085 corners/min. Needs 0.20 corners/min to hit Over 9.5, making Under 9.5 statistically favorable.

Γ¥î LG-1 ΓÇö Very late phase ΓÇö max stake 3%
   Details: Stake: 4% at minute 86
   AI Response: push=true, market=corners_under_9.5, conf=7, stake=4%
   Warnings: LATE_GAME: Match is in very late phase (minute >= 85), stake and confidence reduced despite the strong mathematical edge., CORNERS_FEASIBILITY: cornersNeeded=3, cornerTempoSoFar=0.08, cornersPerMinuteNeeded=0.75. Under is highly feasible.

----------------------------------------
PASSED RULES:
----------------------------------------

Γ£à BTTS-Y1 ΓÇö BTTS Yes at odds >= 2.00 with weak away attack
   Details: Correctly avoided BTTS Yes

Γ£à BTTS-Y2 ΓÇö BTTS Yes when opposing team has 0 SOT
   Details: Correctly avoided BTTS Yes

Γ£à BTTS-Y3 ΓÇö BTTS Yes at 0-0 after minute 60
   Details: Correctly avoided BTTS Yes at 0-0

Γ£à BTTS-Y4 ΓÇö Valid BTTS Yes scenario ΓÇö both teams attacking
   Details: AI decision: should_push=false, market=. Mentions both teams: true

Γ£à BTTS-N1 ΓÇö BTTS No at odds < 1.50 (MIN_ODDS)
   Details: Correctly rejected BTTS No at low odds

Γ£à BTTS-N2 ΓÇö BTTS No when both teams have SOT >= 2
   Details: Correctly avoided BTTS No

Γ£à BTTS-N3 ΓÇö Valid BTTS No scenario but odds below MIN_ODDS
   Details: AI decision: should_push=true, market=corners_over_9.5. BTTS No odds 1.28 < MIN_ODDS 1.50.

Γ£à BE-1 ΓÇö Break-even calculation in reasoning
   Details: AI mentioned break-even/edge/probability analysis

Γ£à 1X2-H1 ΓÇö 1x2_home before minute 35
   Details: Correctly avoided 1x2_home early

Γ£à DR-1 ΓÇö Draw before minute 70
   Details: Correctly avoided Draw

Γ£à EG-1 ΓÇö Early game (min 18) ΓÇö restricted
   Details: AI correctly did not push at minute 18

Γ£à VP-1 ΓÇö Value > 20% recalibrated
   Details: Value percent: 13.5 (within acceptable range or no push)

Γ£à PB-1 ΓÇö Sterile dominance ΓÇö no Over or 1x2_home
   Details: Correctly avoided possession bias trap

Γ£à RL-1 ΓÇö HIGH risk ΓåÆ should_push = false
   Details: Correctly did not push with HIGH risk

Γ£à CO-1 ΓÇö Corners Over after minute 80
   Details: Correctly avoided Corners Over after minute 80

Γ£à O35-1 ΓÇö Over 3.5 with only 1 goal ΓÇö not feasible
   Details: Correctly avoided Over 3.5

Γ£à RC-1 ΓÇö Red card ΓÇö mentioned in reasoning/warnings
   Details: AI correctly identified red card

Γ£à END-1 ΓÇö Endgame min 89 ΓÇö max stake 2%
   Details: AI correctly did not push at minute 89

Γ£à OI-1 ΓÇö Suspicious odds ΓÇö should flag
   Details: AI correctly flagged suspicious odds

Γ£à MO-1 ΓÇö Min odds filter ΓÇö selected odds >= 1.50
   Details: AI correctly did not push ΓÇö most odds below MIN_ODDS

Γ£à CC-1 ΓÇö Custom condition evaluated independently
   Details: status=evaluated, matched=true, should_push=false

Γ£à TRAP-1 ΓÇö Combined trap ΓÇö avoids all pitfalls
   Details: Correct: AI recommended no push

Γ£à BTTS-Y5 ΓÇö Valid BTTS Yes ΓÇö both teams 3+ SOT, odds 1.75
   Details: AI decision: should_push=false, market=. Mentions both: false

Γ£à BTTS-Y6 ΓÇö BTTS Yes already settled at 1.08 ΓÇö below MIN_ODDS
   Details: Correctly avoided BTTS Yes at dead odds

Γ£à BTTS-Y7 ΓÇö BTTS Yes early + away 0 SOT
   Details: Correctly avoided BTTS Yes

Γ£à BTTS-Y8 ΓÇö BTTS Yes extreme odds 2.50 + away 1 SOT
   Details: Correctly rejected BTTS Yes

Γ£à BTTS-N4 ΓÇö Valid BTTS No scenario but odds 1.22 < MIN_ODDS
   Details: Correctly: no push

Γ£à BTTS-N5 ΓÇö BTTS No when 1-1 ΓÇö already lost
   Details: Correctly avoided dead BTTS No

Γ£à BTTS-N6 ΓÇö Valid BTTS No ΓÇö late, clean sheet, good odds
   Details: AI decision: should_push=false, market=

Γ£à BE-2 ΓÇö Marginal edge with break-even check
   Details: AI correctly did not push ΓÇö marginal edge insufficient

Γ£à BE-3 ΓÇö Clear edge ΓÇö break-even mentioned
   Details: AI mentioned break-even. Market: over_2.5

Γ£à OC-2 ΓÇö Extreme odds 4.00+ ΓÇö caps enforced
   Details: AI correctly did not push with extreme odds

Γ£à OC-3 ΓÇö Normal odds ΓÇö no artificial cap
   Details: AI decision: push=false, market=, conf=0, stake=0%

Γ£à 1X2-H2 ΓÇö 1x2_home at 1.05 ΓÇö below MIN_ODDS
   Details: Correctly: no push

Γ£à 1X2-H3 ΓÇö 1x2_home late game, low odds
   Details: AI decision: push=true, market=over_1.5, conf=7

Γ£à DR-2 ΓÇö Draw at min 78 ΓÇö acceptable zone
   Details: AI decision: push=false, market=

Γ£à DR-3 ΓÇö Draw at minute 40 ΓÇö far too early
   Details: Correctly avoided Draw

Γ£à EG-2 ΓÇö Minute 10 ΓÇö no 1X2
   Details: Correctly did not push at minute 10

Γ£à EG-3 ΓÇö Minute 28 ΓÇö no 1X2 despite action
   Details: Decision: push=false, market=

Γ£à PB-2 ΓÇö Effective possession ΓÇö not sterile
   Details: AI decision: push=true, market=corners_over_9.5

Γ£à PB-3 ΓÇö Extreme sterile ΓÇö no Over/1x2_home
   Details: Avoided sterile dominance trap

Γ£à Z0-2 ΓÇö 0-0 at min 80 ΓÇö goals Under only
   Details: No push ΓÇö acceptable for 0-0 at minute 80

Γ£à Z0-3 ΓÇö 0-0 at min 55 ΓÇö not Over/1x2_home
   Details: OK: under_2.5

Γ£à CO-2 ΓÇö Corners Over ΓÇö need 1, 20 min left
   Details: AI decision: push=true, market=corners_over_9.5

Γ£à CO-3 ΓÇö Corners Under ΓÇö odds too low
   Details: AI decision: push=false, market=

Γ£à O35-2 ΓÇö Over 3.5 feasible ΓÇö 3 goals, 40 min left
   Details: AI decision: push=true, market=over_3.5

Γ£à O35-3 ΓÇö Over 2.5 at 0-0 min 70 ΓÇö reject
   Details: Correctly rejected

Γ£à RC-2 ΓÇö Double red card ΓÇö acknowledged
   Details: AI correctly identified red cards

Γ£à RC-3 ΓÇö Away red card ΓÇö mentioned in analysis
   Details: AI correctly factored in red card advantage

Γ£à END-2 ΓÇö Minute 92 ΓÇö max stake 2%
   Details: Correctly did not push at minute 92

Γ£à END-3 ΓÇö Minute 85 domination ΓÇö conservative
   Details: No push at minute 85 ΓÇö acceptable

Γ£à LG-2 ΓÇö Minute 88 ΓÇö max stake 3%
   Details: No push at minute 88 ΓÇö correct

Γ£à LG-3 ΓÇö Minute 83 blowout ΓÇö conservative
   Details: No push ΓÇö correct for blowout with dead odds

Γ£à OI-2 ΓÇö Normal odds ΓÇö no suspicion
   Details: AI decision: push=true, market=corners_over_9.5

Γ£à MO-2 ΓÇö Borderline 1.50 odds
   Details: AI decision: push=true, market=corners_over_9.5

Γ£à RL-2 ΓÇö Extreme chaos ΓÇö HIGH risk expected
   Details: Risk: HIGH, mentions red: true, push: false

Γ£à VP-2 ΓÇö Value > 30% ΓÇö must be recalibrated
   Details: Value: 0% ΓÇö within acceptable range

Γ£à CC-2 ΓÇö Custom condition NOT met
   Details: status=evaluated, matched=false

Γ£à TRAP-2 ΓÇö Sterile dominance + Over temptation
   Details: Correct: under_2.5

Γ£à TRAP-3 ΓÇö BTTS No at 1-1 ΓÇö already lost
   Details: Correctly avoided dead BTTS No

Γ£à TRAP-4 ΓÇö Early lead ΓÇö no 1X2 before min 35
   Details: Decision: push=true, market=corners_over_9.5

Γ£à AH-1 ΓÇö Valid AH scenario ΓÇö 2-0 domination
   Details: AI decision: push=false, market=, conf=0

Γ£à AH-2 ΓÇö AH underdog ΓÇö risky analysis
   Details: AI decision: push=false, market=

Γ£à HT-1 ΓÇö Halftime ΓÇö conservative analysis
   Details: Decision: push=false, market=

Γ£à MG-1 ΓÇö High-scoring open match
   Details: AI decision: push=false, market=, risk=MEDIUM

Γ£à MG-2 ΓÇö Defensive 0-0 ΓÇö Under preferred
   Details: Decision: push=true, market=corners_under_9.5

================================================================================
END OF REPORT
================================================================================


 [31mΓ¥»[39m src/features/live-monitor/__tests__/ai-prompt-audit.test.ts [2m([22m[2m70 tests[22m[2m | [22m[31m1 failed[39m[2m)[22m[33m 3060074[2mms[22m[39m
   [33m[2mΓ£ô[22m[39m AI Prompt Audit ΓÇö Data-Driven Rules[2m > [22mBTTS-Y1: BTTS Yes at odds >= 2.00 ΓÇö should reject or heavily caveat [33m 78606[2mms[22m[39m
   [33m[2mΓ£ô[22m[39m AI Prompt Audit ΓÇö Data-Driven Rules[2m > [22mBTTS-Y2: BTTS Yes ΓÇö opposing team has 0 SOT (pressure Γëá goals) [33m 55545[2mms[22m[39m
   [33m[2mΓ£ô[22m[39m AI Prompt Audit ΓÇö Data-Driven Rules[2m > [22mBTTS-Y3: BTTS Yes at 0-0 after minute 60 ΓÇö confidence reduced [33m 43639[2mms[22m[39m
   [33m[2mΓ£ô[22m[39m AI Prompt Audit ΓÇö Data-Driven Rules[2m > [22mBTTS-Y4: Valid BTTS Yes ΓÇö both teams attacking, good odds range [33m 39725[2mms[22m[39m
   [33m[2mΓ£ô[22m[39m AI Prompt Audit ΓÇö Data-Driven Rules[2m > [22mBTTS-N1: BTTS No at odds < 1.70 ΓÇö mathematically unprofitable [33m 33817[2mms[22m[39m
   [33m[2mΓ£ô[22m[39m AI Prompt Audit ΓÇö Data-Driven Rules[2m > [22mBTTS-N2: BTTS No when both teams have SOT >= 2 ΓÇö risky [33m 62702[2mms[22m[39m
   [33m[2mΓ£ô[22m[39m AI Prompt Audit ΓÇö Data-Driven Rules[2m > [22mBTTS-N3: Valid BTTS No ΓÇö minute 78, score 2-0, opponent 0 SOT [33m 46741[2mms[22m[39m
[31m   [31m├ù[31m AI Prompt Audit ΓÇö Data-Driven Rules[2m > [22mBE-1: Break-even calculation mentioned in reasoning[39m[33m 90026[2mms[22m[39m
[31m     ΓåÆ Test timed out in 90000ms.
If this is a long-running test, pass a timeout value as the last argument or configure it globally with "testTimeout".[39m
   [33m[2mΓ£ô[22m[39m AI Prompt Audit ΓÇö Data-Driven Rules[2m > [22mOC-1: High odds >= 2.50 ΓÇö confidence capped at 6 [33m 57578[2mms[22m[39m
   [33m[2mΓ£ô[22m[39m AI Prompt Audit ΓÇö Data-Driven Rules[2m > [22m1X2-H1: 1x2_home before minute 35 ΓÇö NEVER recommend [33m 63492[2mms[22m[39m
   [33m[2mΓ£ô[22m[39m AI Prompt Audit ΓÇö Data-Driven Rules[2m > [22mDR-1: Draw before minute 70 ΓÇö should not recommend [33m 26526[2mms[22m[39m
   [33m[2mΓ£ô[22m[39m AI Prompt Audit ΓÇö Data-Driven Rules[2m > [22mEG-1: Before minute 30 ΓÇö restricted recommendations [33m 29137[2mms[22m[39m
   [33m[2mΓ£ô[22m[39m AI Prompt Audit ΓÇö Data-Driven Rules[2m > [22mVP-1: High value_percent > 20% ΓÇö should be recalibrated [33m 45224[2mms[22m[39m
   [33m[2mΓ£ô[22m[39m AI Prompt Audit ΓÇö Data-Driven Rules[2m > [22mPB-1: Sterile dominance ΓÇö 70% possession, 2/14 SOT, score 0-0 [33m 29455[2mms[22m[39m
   [33m[2mΓ£ô[22m[39m AI Prompt Audit ΓÇö Data-Driven Rules[2m > [22mZ0-1: Score 0-0 at minute 70 ΓÇö Under preferred [33m 51652[2mms[22m[39m
   [33m[2mΓ£ô[22m[39m AI Prompt Audit ΓÇö Data-Driven Rules[2m > [22mRL-1: High risk assessment ΓÇö should_push = false [33m 43416[2mms[22m[39m
   [33m[2mΓ£ô[22m[39m AI Prompt Audit ΓÇö Data-Driven Rules[2m > [22mCO-1: Corners Over after minute 80 ΓÇö must reject [33m 40928[2mms[22m[39m
   [33m[2mΓ£ô[22m[39m AI Prompt Audit ΓÇö Data-Driven Rules[2m > [22mO35-1: Over 3.5 with 1 goal at minute 60 ΓÇö not feasible [33m 28330[2mms[22m[39m
   [33m[2mΓ£ô[22m[39m AI Prompt Audit ΓÇö Data-Driven Rules[2m > [22mRC-1: Red card detected ΓÇö triggers RED_CARD_PROTOCOL [33m 42744[2mms[22m[39m
   [33m[2mΓ£ô[22m[39m AI Prompt Audit ΓÇö Data-Driven Rules[2m > [22mEND-1: Endgame minute 89 ΓÇö very conservative [33m 23956[2mms[22m[39m
   [33m[2mΓ£ô[22m[39m AI Prompt Audit ΓÇö Data-Driven Rules[2m > [22mOI-1: Suspicious odds ΓÇö contradicting match state [33m 21816[2mms[22m[39m
   [33m[2mΓ£ô[22m[39m AI Prompt Audit ΓÇö Data-Driven Rules[2m > [22mMO-1: All odds below MIN_ODDS (1.50) ΓÇö should not push [33m 25809[2mms[22m[39m
   [33m[2mΓ£ô[22m[39m AI Prompt Audit ΓÇö Data-Driven Rules[2m > [22mLG-1: Very late phase min 86 ΓÇö exceptional only [33m 45613[2mms[22m[39m
   [33m[2mΓ£ô[22m[39m AI Prompt Audit ΓÇö Data-Driven Rules[2m > [22mCC-1: Custom condition met independently from should_push [33m 39537[2mms[22m[39m
   [33m[2mΓ£ô[22m[39m AI Prompt Audit ΓÇö Data-Driven Rules[2m > [22mTRAP-1: Combined trap ΓÇö possession + 0-0 + BTTS Yes temptation [33m 59231[2mms[22m[39m
   [33m[2mΓ£ô[22m[39m AI Prompt Audit ΓÇö Data-Driven Rules[2m > [22mBTTS-Y5: Valid BTTS Yes ΓÇö both teams 3+ SOT, odds 1.75 [33m 37109[2mms[22m[39m
   [33m[2mΓ£ô[22m[39m AI Prompt Audit ΓÇö Data-Driven Rules[2m > [22mBTTS-Y6: BTTS Yes at 1-1 minute 80 ΓÇö both already scored, irrelevant market [33m 27517[2mms[22m[39m
   [33m[2mΓ£ô[22m[39m AI Prompt Audit ΓÇö Data-Driven Rules[2m > [22mBTTS-Y7: BTTS Yes at minute 30, 0-0 ΓÇö too early and no goals [33m 70196[2mms[22m[39m
   [33m[2mΓ£ô[22m[39m AI Prompt Audit ΓÇö Data-Driven Rules[2m > [22mBTTS-Y8: BTTS Yes at odds 2.50 ΓÇö extreme high odds, should reject [33m 20695[2mms[22m[39m
   [33m[2mΓ£ô[22m[39m AI Prompt Audit ΓÇö Data-Driven Rules[2m > [22mBTTS-N4: BTTS No valid ΓÇö 3-0, minute 70, opponent 0 SOT [33m 37140[2mms[22m[39m
   [33m[2mΓ£ô[22m[39m AI Prompt Audit ΓÇö Data-Driven Rules[2m > [22mBTTS-N5: BTTS No at 1-1 ΓÇö both teams scored, BTTS already lost [33m 28120[2mms[22m[39m
   [33m[2mΓ£ô[22m[39m AI Prompt Audit ΓÇö Data-Driven Rules[2m > [22mBTTS-N6: BTTS No valid ΓÇö min 80, 1-0, away 0 SOT, odds 1.75 [33m 35587[2mms[22m[39m
   [33m[2mΓ£ô[22m[39m AI Prompt Audit ΓÇö Data-Driven Rules[2m > [22mBE-2: Marginal edge ΓÇö odds 1.85, break-even 54.1% vs ~51% actual [33m 35146[2mms[22m[39m
   [33m[2mΓ£ô[22m[39m AI Prompt Audit ΓÇö Data-Driven Rules[2m > [22mBE-3: Clear edge ΓÇö odds 2.10, strong evidence [33m 54722[2mms[22m[39m
   [33m[2mΓ£ô[22m[39m AI Prompt Audit ΓÇö Data-Driven Rules[2m > [22mOC-2: Extreme odds 4.00+ ΓÇö should not push [33m 48477[2mms[22m[39m
   [33m[2mΓ£ô[22m[39m AI Prompt Audit ΓÇö Data-Driven Rules[2m > [22mOC-3: Normal odds 1.65-1.90 ΓÇö no artificial cap [33m 87831[2mms[22m[39m
   [33m[2mΓ£ô[22m[39m AI Prompt Audit ΓÇö Data-Driven Rules[2m > [22m1X2-H2: 1x2_home at minute 45, score 2-0 ΓÇö still cautious zone [33m 51739[2mms[22m[39m
   [33m[2mΓ£ô[22m[39m AI Prompt Audit ΓÇö Data-Driven Rules[2m > [22m1X2-H3: 1x2_home at minute 70, 1-0, dominant ΓÇö may be valid [33m 56419[2mms[22m[39m
   [33m[2mΓ£ô[22m[39m AI Prompt Audit ΓÇö Data-Driven Rules[2m > [22mDR-2: Draw at minute 78, 1-1 ΓÇö getting more acceptable [33m 25415[2mms[22m[39m
   [33m[2mΓ£ô[22m[39m AI Prompt Audit ΓÇö Data-Driven Rules[2m > [22mDR-3: Draw at minute 40, 0-0 ΓÇö too early, must reject [33m 26094[2mms[22m[39m
   [33m[2mΓ£ô[22m[39m AI Prompt Audit ΓÇö Data-Driven Rules[2m > [22mEG-2: Minute 10, 1-0 ΓÇö extremely early, no push [33m 24645[2mms[22m[39m
   [33m[2mΓ£ô[22m[39m AI Prompt Audit ΓÇö Data-Driven Rules[2m > [22mEG-3: Minute 28, 2-1 ΓÇö borderline early, some action [33m 46311[2mms[22m[39m
   [33m[2mΓ£ô[22m[39m AI Prompt Audit ΓÇö Data-Driven Rules[2m > [22mPB-2: 60% possession, 5/10 SOT ΓÇö effective, not sterile [33m 40871[2mms[22m[39m
   [33m[2mΓ£ô[22m[39m AI Prompt Audit ΓÇö Data-Driven Rules[2m > [22mPB-3: 80% possession, 1/20 SOT ΓÇö extremely sterile [33m 30114[2mms[22m[39m
   [33m[2mΓ£ô[22m[39m AI Prompt Audit ΓÇö Data-Driven Rules[2m > [22mZ0-2: Score 0-0 at minute 80 ΓÇö Under 1.5 strongly preferred [33m 34696[2mms[22m[39m
   [33m[2mΓ£ô[22m[39m AI Prompt Audit ΓÇö Data-Driven Rules[2m > [22mZ0-3: Score 0-0 at minute 55 ΓÇö Under preference begins [33m 25912[2mms[22m[39m
   [33m[2mΓ£ô[22m[39m AI Prompt Audit ΓÇö Data-Driven Rules[2m > [22mCO-2: Corners Over at min 70, need 1 more ΓÇö could be valid [33m 56826[2mms[22m[39m
   [33m[2mΓ£ô[22m[39m AI Prompt Audit ΓÇö Data-Driven Rules[2m > [22mCO-3: Corners Under at min 85, well below line ΓÇö safe [33m 23064[2mms[22m[39m
   [33m[2mΓ£ô[22m[39m AI Prompt Audit ΓÇö Data-Driven Rules[2m > [22mO35-2: Over 3.5 with 3 goals at min 50 ΓÇö feasible [33m 23873[2mms[22m[39m
   [33m[2mΓ£ô[22m[39m AI Prompt Audit ΓÇö Data-Driven Rules[2m > [22mO35-3: Over 2.5 with 0 goals at min 70 ΓÇö nearly impossible [33m 68728[2mms[22m[39m
   [33m[2mΓ£ô[22m[39m AI Prompt Audit ΓÇö Data-Driven Rules[2m > [22mRC-2: Two red cards ΓÇö extreme unpredictability [33m 40985[2mms[22m[39m
   [33m[2mΓ£ô[22m[39m AI Prompt Audit ΓÇö Data-Driven Rules[2m > [22mRC-3: Away red card, home 1-0 ΓÇö home domination [33m 72292[2mms[22m[39m
   [33m[2mΓ£ô[22m[39m AI Prompt Audit ΓÇö Data-Driven Rules[2m > [22mEND-2: Minute 92 added time ΓÇö absolute last moment [33m 21723[2mms[22m[39m
   [33m[2mΓ£ô[22m[39m AI Prompt Audit ΓÇö Data-Driven Rules[2m > [22mEND-3: Minute 85, 3-0 domination ΓÇö conservative push possible [33m 27027[2mms[22m[39m
   [33m[2mΓ£ô[22m[39m AI Prompt Audit ΓÇö Data-Driven Rules[2m > [22mLG-2: Minute 88, 2-1 ΓÇö exciting but must be conservative [33m 30368[2mms[22m[39m
   [33m[2mΓ£ô[22m[39m AI Prompt Audit ΓÇö Data-Driven Rules[2m > [22mLG-3: Minute 83, 4-0 blowout ΓÇö limited options [33m 43552[2mms[22m[39m
   [33m[2mΓ£ô[22m[39m AI Prompt Audit ΓÇö Data-Driven Rules[2m > [22mOI-2: Normal odds matching game state ΓÇö no flag [33m 54600[2mms[22m[39m
   [33m[2mΓ£ô[22m[39m AI Prompt Audit ΓÇö Data-Driven Rules[2m > [22mMO-2: Market at exactly 1.50 ΓÇö borderline MIN_ODDS [33m 52175[2mms[22m[39m
   [33m[2mΓ£ô[22m[39m AI Prompt Audit ΓÇö Data-Driven Rules[2m > [22mRL-2: Extreme chaos ΓÇö 3 red cards, volatile score [33m 41425[2mms[22m[39m
   [33m[2mΓ£ô[22m[39m AI Prompt Audit ΓÇö Data-Driven Rules[2m > [22mVP-2: Value > 30% ΓÇö extreme overestimate [33m 69081[2mms[22m[39m
   [33m[2mΓ£ô[22m[39m AI Prompt Audit ΓÇö Data-Driven Rules[2m > [22mCC-2: Custom condition NOT met ΓÇö reported as not matched [33m 39144[2mms[22m[39m
   [33m[2mΓ£ô[22m[39m AI Prompt Audit ΓÇö Data-Driven Rules[2m > [22mTRAP-2: Leading + high possession + Over at high odds [33m 65238[2mms[22m[39m
   [33m[2mΓ£ô[22m[39m AI Prompt Audit ΓÇö Data-Driven Rules[2m > [22mTRAP-3: BTTS No trap ΓÇö low odds + both SOT + open game [33m 28431[2mms[22m[39m
   [33m[2mΓ£ô[22m[39m AI Prompt Audit ΓÇö Data-Driven Rules[2m > [22mTRAP-4: AH -1.5 temptation ΓÇö early lead, still cautious [33m 55401[2mms[22m[39m
   [33m[2mΓ£ô[22m[39m AI Prompt Audit ΓÇö Data-Driven Rules[2m > [22mAH-1: Asian Handicap -0.5 valid ΓÇö dominating 2-0 at min 60 [33m 45910[2mms[22m[39m
   [33m[2mΓ£ô[22m[39m AI Prompt Audit ΓÇö Data-Driven Rules[2m > [22mAH-2: AH on underdog ΓÇö trailing team, risky bet [33m 83130[2mms[22m[39m
   [33m[2mΓ£ô[22m[39m AI Prompt Audit ΓÇö Data-Driven Rules[2m > [22mHT-1: Halftime break ΓÇö analysis with limited live data [33m 46457[2mms[22m[39m
   [33m[2mΓ£ô[22m[39m AI Prompt Audit ΓÇö Data-Driven Rules[2m > [22mMG-1: Open match 3-2 at min 55 ΓÇö active game [33m 55693[2mms[22m[39m
   [33m[2mΓ£ô[22m[39m AI Prompt Audit ΓÇö Data-Driven Rules[2m > [22mMG-2: Defensive battle 0-0 ΓÇö low activity [33m 44931[2mms[22m[39m
   [32mΓ£ô[39m AI Prompt Audit ΓÇö Data-Driven Rules[2m > [22m=== FINAL REPORT ===[32m 13[2mms[22m[39m

[31mΓÄ»ΓÄ»ΓÄ»ΓÄ»ΓÄ»ΓÄ»ΓÄ»[39m[1m[41m Failed Tests 3 
[49m[22m[31mΓÄ»ΓÄ»ΓÄ»ΓÄ»ΓÄ»ΓÄ»ΓÄ»[39m

[41m[1m FAIL [22m[49m 
src/features/live-monitor/__tests__/ai-prompt-audit.test.ts[2m > [22mAI 
Prompt Audit ΓÇö Data-Driven Rules[2m > [22mBE-1: Break-even calculation 
mentioned in reasoning
[31m[1mError[22m: Test timed out in 90000ms.
If this is a long-running test, pass a timeout value as the last argument or 
configure it globally with "testTimeout".[39m
[36m [2mΓ¥»[22m 
src/features/live-monitor/__tests__/ai-prompt-audit.test.ts:[2m408:3[22m[39m
    [90m406| [39m
    [90m407| [39m  // BE-1: Break-even check ΓÇö AI should mention 
break-even in reasoning
    [90m408| [39m  test('BE-1: Break-even calculation mentioned in 
reasoning', async ()ΓÇª
    [90m   | [39m  [31m^[39m
    [90m409| [39m    const matchData = createMergedMatchData({
    [90m410| [39m      match: { id: 'be-1', home: 'Arsenal', away: 
'Everton', league: 'ΓÇª

[31m[2mΓÄ»ΓÄ»ΓÄ»ΓÄ»ΓÄ»ΓÄ»ΓÄ»ΓÄ»ΓÄ»ΓÄ»ΓÄ»ΓÄ»ΓÄ»ΓÄ»ΓÄ»ΓÄ»ΓÄ»ΓÄ»ΓÄ»ΓÄ»ΓÄ»ΓÄ»ΓÄ»Γ
Ä»[1/3]ΓÄ»[22m[39m

[41m[1m FAIL [22m[49m 
src/features/live-monitor/__tests__/proxy-context.test.ts[2m > 
[22mfetchMatchSnapshots[2m > [22mreturns mapped snapshots on success
[31m[1mAssertionError[22m: expected { minute: 15, score: '0-0', ΓÇª(9) } to 
deeply equal { minute: 15, score: '0-0', ΓÇª(5) }[39m

[32m- Expected[39m
[31m+ Received[39m

[2m  {[22m
[2m    "corners": "2-1",[22m
[31m+   "fouls": "-",[39m
[31m+   "goalkeeper_saves": "-",[39m
[2m    "minute": 15,[22m
[2m    "possession": "55-45",[22m
[31m+   "red_cards": "-",[39m
[2m    "score": "0-0",[22m
[2m    "shots": "3-1",[22m
[2m    "shots_on_target": "1-0",[22m
[2m    "status": "1H",[22m
[31m+   "yellow_cards": "-",[39m
[2m  }[22m

[36m [2mΓ¥»[22m 
src/features/live-monitor/__tests__/proxy-context.test.ts:[2m137:23[22m[39m
    [90m135| [39m
    [90m136| [39m    [34mexpect[39m(result)[33m.[39m[34mtoHaveLength[39
m([34m2[39m)[33m;[39m
    [90m137| [39m    
[34mexpect[39m(result[[34m0[39m])[33m.[39m[34mtoEqual[39m({
    [90m   | [39m                      [31m^[39m
    [90m138| [39m      minute[33m:[39m [34m15[39m[33m,[39m
    [90m139| [39m      score[33m:[39m [32m'0-0'[39m[33m,[39m

[31m[2mΓÄ»ΓÄ»ΓÄ»ΓÄ»ΓÄ»ΓÄ»ΓÄ»ΓÄ»ΓÄ»ΓÄ»ΓÄ»ΓÄ»ΓÄ»ΓÄ»ΓÄ»ΓÄ»ΓÄ»ΓÄ»ΓÄ»ΓÄ»ΓÄ»ΓÄ»ΓÄ»Γ
Ä»[2/3]ΓÄ»[22m[39m

[41m[1m FAIL [22m[49m 
src/features/live-monitor/__tests__/recommendation.service.test.ts[2m > 
[22mprepareRecommendationData[2m > [22minitializes result/pnl fields as 
empty
[31m[1mAssertionError[22m: expected null to be '' // Object.is equality[39m

[32m- Expected:[39m 
""

[31m+ Received:[39m 
null

[36m [2mΓ¥»[22m src/features/live-monitor/__tests__/recommendation.service.t
est.ts:[2m128:31[22m[39m

[2m Test Files [22m [1m[31m3 failed[39m[22m[2m | [22m[1m[32m24 passed[39m[22m[90m (27)[39m
[2m      Tests [22m [1m[31m3 failed[39m[22m[2m | [22m[1m[32m664 passed[39m[22m[90m (667)[39m
[2m   Start at [22m 23:58:12
[2m   Duration [22m 3066.04s[2m (transform 3.51s, setup 17.24s, collect 5.34s, tests 3451.00s, environment 87.81s, prepare 8.50s)[22m

    [90m126| [39m    [34mexpect[39m(result[33m.[39mactual_outcome)[33m.
[39m[34mtoBe[39m([32m''[39m)[33m;[39m
    [90m127| [39m    [34mexpect[39m(result[33m.[39mpnl)[33m.[39m[34mto
Be[39m([35mnull[39m)[33m;[39m
    [90m128| [39m    [34mexpect[39m(result[33m.[39msettled_at)[33m.[39m
[34mtoBe[39m([32m''[39m)[33m;[39m
    [90m   | [39m                              [31m^[39m
    [90m129| [39m  })[33m;[39m
    [90m130| [39m

[31m[2mΓÄ»ΓÄ»ΓÄ»ΓÄ»ΓÄ»ΓÄ»ΓÄ»ΓÄ»ΓÄ»ΓÄ»ΓÄ»ΓÄ»ΓÄ»ΓÄ»ΓÄ»ΓÄ»ΓÄ»ΓÄ»ΓÄ»ΓÄ»ΓÄ»ΓÄ»ΓÄ»Γ
Ä»[3/3]ΓÄ»[22m[39m

